八月 22, 2022 4:44:31 下午 com.se.log.test_2 test2
信息: hello
八月 22, 2022 4:48:17 下午 com.se.log.test_2 test2
信息: hello
八月 22, 2022 4:49:26 下午 com.se.log.test_2 test2
信息: hello
八月 22, 2022 4:53:49 下午 com.se.log.test_2 test2
信息: hello
